[19/May/2026 18:28:55] "GET /login/ HTTP/1.1" 200 2152
[19/May/2026 18:28:55,526] - Broken pipe from ('127.0.0.1', 54133)
[19/May/2026 18:29:09] "GET /login/ HTTP/1.1" 200 2152
[19/May/2026 18:29:09,621] - Broken pipe from ('127.0.0.1', 58163)
[19/May/2026 20:52:11] "GET / HTTP/1.1" 200 3980
[19/May/2026 20:52:11] "GET /static/styles.css HTTP/1.1" 200 5091
Not Found: /favicon.ico
[19/May/2026 20:52:11] "GET /favicon.ico HTTP/1.1" 404 6953
[19/May/2026 20:58:25] "GET / HTTP/1.1" 200 3980
Not Found: /favicon.ico
[19/May/2026 20:58:26] "GET /favicon.ico HTTP/1.1" 404 6953
[19/May/2026 20:58:26] "GET / HTTP/1.1" 200 3980
[19/May/2026 20:58:26] "GET / HTTP/1.1" 200 3980
[19/May/2026 20:58:26] "GET / HTTP/1.1" 200 3980
[19/May/2026 20:58:26] "GET / HTTP/1.1" 200 3980
[19/May/2026 20:58:26] "GET / HTTP/1.1" 200 3980
[19/May/2026 20:58:27] "GET / HTTP/1.1" 200 3980
[19/May/2026 20:58:27] "GET / HTTP/1.1" 200 3980
[19/May/2026 20:58:27] "GET / HTTP/1.1" 200 3980
[19/May/2026 20:58:27] "GET / HTTP/1.1" 200 3980
[19/May/2026 20:58:27] "GET / HTTP/1.1" 200 3980
[19/May/2026 20:58:28] "GET / HTTP/1.1" 200 3980
[19/May/2026 20:58:28] "GET /static/styles.css HTTP/1.1" 200 5091
Not Found: /favicon.ico
[19/May/2026 20:58:28] "GET /favicon.ico HTTP/1.1" 404 6953
[19/May/2026 20:58:28] "GET / HTTP/1.1" 200 3980
[19/May/2026 20:58:28] "GET /static/styles.css HTTP/1.1" 200 5091
Not Found: /favicon.ico
[19/May/2026 20:58:28] "GET /favicon.ico HTTP/1.1" 404 6953
[19/May/2026 20:58:28] "GET / HTTP/1.1" 200 3980
[19/May/2026 20:58:28] "GET /static/styles.css HTTP/1.1" 200 5091
Not Found: /favicon.ico
[19/May/2026 20:58:28] "GET /favicon.ico HTTP/1.1" 404 6953
[19/May/2026 20:58:28] "GET / HTTP/1.1" 200 3980
[19/May/2026 20:58:28] "GET /static/styles.css HTTP/1.1" 200 5091
Not Found: /favicon.ico
[19/May/2026 20:58:28] "GET /favicon.ico HTTP/1.1" 404 6953
[19/May/2026 20:58:29] "GET / HTTP/1.1" 200 3980
[19/May/2026 20:58:29] "GET / HTTP/1.1" 200 3980
[19/May/2026 20:58:29] "GET / HTTP/1.1" 200 3980
[19/May/2026 20:58:30] "GET / HTTP/1.1" 200 3980
