[19/May/2026 18:23:38] "GET /sqlite/ HTTP/1.1" 200 2671
[19/May/2026 18:23:38,558] - Broken pipe from ('127.0.0.1', 56060)
[19/May/2026 18:23:48] "GET /sqlite/ HTTP/1.1" 200 2671
[19/May/2026 18:23:48,767] - Broken pipe from ('127.0.0.1', 56062)
Internal Server Error: /
Traceback (most recent call last):
  File "E:\visual studio\WEB-PYTHON-KPI\lab4\.venv\Lib\site-packages\django\core\handlers\exception.py", line 55, in inner
    response = get_response(request)
  File "E:\visual studio\WEB-PYTHON-KPI\lab4\.venv\Lib\site-packages\django\core\handlers\base.py", line 197, in _get_response
    response = wrapped_callback(request, *callback_args, **callback_kwargs)
  File "E:\visual studio\WEB-PYTHON-KPI\lab5\app\views.py", line 17, in home
    set_flash(request, "Для цієї дії потрібно увійти в систему.")
       ^^^^^^^^^^^^^^^^^^^^^^^^^^^^^^^
  File "E:\visual studio\WEB-PYTHON-KPI\lab4\.venv\Lib\site-packages\django\shortcuts.py", line 25, in render
    content = loader.render_to_string(template_name, context, request, using=using)
  File "E:\visual studio\WEB-PYTHON-KPI\lab4\.venv\Lib\site-packages\django\template\loader.py", line 62, in render_to_string
    return template.render(context, request)
           ~~~~~~~~~~~~~~~^^^^^^^^^^^^^^^^^^
  File "E:\visual studio\WEB-PYTHON-KPI\lab4\.venv\Lib\site-packages\django\template\backends\django.py", line 107, in render
    return self.template.render(context)
           ~~~~~~~~~~~~~~~~~~~~^^^^^^^^^
  File "E:\visual studio\WEB-PYTHON-KPI\lab4\.venv\Lib\site-packages\django\template\base.py", line 171, in render
    return self._render(context)
           ~~~~~~~~~~~~^^^^^^^^^
  File "E:\visual studio\WEB-PYTHON-KPI\lab4\.venv\Lib\site-packages\django\template\base.py", line 163, in _render
    return self.nodelist.render(context)
           ~~~~~~~~~~~~~~~~~~~~^^^^^^^^^
  File "E:\visual studio\WEB-PYTHON-KPI\lab4\.venv\Lib\site-packages\django\template\base.py", line 1016, in render
    return SafeString("".join([node.render_annotated(context) for node in self]))
                               ~~~~~~~~~~~~~~~~~~~~~^^^^^^^^^
  File "E:\visual studio\WEB-PYTHON-KPI\lab4\.venv\Lib\site-packages\django\template\base.py", line 977, in render_annotated
    return self.render(context)
           ~~~~~~~~~~~^^^^^^^^^
  File "E:\visual studio\WEB-PYTHON-KPI\lab4\.venv\Lib\site-packages\django\template\loader_tags.py", line 159, in render
    return compiled_parent._render(context)
           ~~~~~~~~~~~~~~~~~~~~~~~^^^^^^^^^
  File "E:\visual studio\WEB-PYTHON-KPI\lab4\.venv\Lib\site-packages\django\template\base.py", line 163, in _render
    return self.nodelist.render(context)
           ~~~~~~~~~~~~~~~~~~~~^^^^^^^^^
  File "E:\visual studio\WEB-PYTHON-KPI\lab4\.venv\Lib\site-packages\django\template\base.py", line 1016, in render
    return SafeString("".join([node.render_annotated(context) for node in self]))
                               ~~~~~~~~~~~~~~~~~~~~~^^^^^^^^^
  File "E:\visual studio\WEB-PYTHON-KPI\lab4\.venv\Lib\site-packages\django\template\base.py", line 977, in render_annotated
    return self.render(context)
           ~~~~~~~~~~~^^^^^^^^^
  File "E:\visual studio\WEB-PYTHON-KPI\lab4\.venv\Lib\site-packages\django\template\loader_tags.py", line 65, in render
    result = block.nodelist.render(context)
  File "E:\visual studio\WEB-PYTHON-KPI\lab4\.venv\Lib\site-packages\django\template\base.py", line 1016, in render
    return SafeString("".join([node.render_annotated(context) for node in self]))
                               ~~~~~~~~~~~~~~~~~~~~~^^^^^^^^^
  File "E:\visual studio\WEB-PYTHON-KPI\lab4\.venv\Lib\site-packages\django\template\base.py", line 977, in render_annotated
    return self.render(context)
           ~~~~~~~~~~~^^^^^^^^^
  File "E:\visual studio\WEB-PYTHON-KPI\lab4\.venv\Lib\site-packages\django\template\defaulttags.py", line 327, in render
    return nodelist.render(context)
           ~~~~~~~~~~~~~~~^^^^^^^^^
  File "E:\visual studio\WEB-PYTHON-KPI\lab4\.venv\Lib\site-packages\django\template\base.py", line 1016, in render
    return SafeString("".join([node.render_annotated(context) for node in self]))
                               ~~~~~~~~~~~~~~~~~~~~~^^^^^^^^^
  File "E:\visual studio\WEB-PYTHON-KPI\lab4\.venv\Lib\site-packages\django\template\base.py", line 977, in render_annotated
    return self.render(context)
           ~~~~~~~~~~~^^^^^^^^^
  File "E:\visual studio\WEB-PYTHON-KPI\lab4\.venv\Lib\site-packages\django\template\defaulttags.py", line 480, in render
    url = reverse(view_name, args=args, kwargs=kwargs, current_app=current_app)
  File "E:\visual studio\WEB-PYTHON-KPI\lab4\.venv\Lib\site-packages\django\urls\base.py", line 98, in reverse
    resolved_url = resolver._reverse_with_prefix(view, prefix, *args, **kwargs)
  File "E:\visual studio\WEB-PYTHON-KPI\lab4\.venv\Lib\site-packages\django\urls\resolvers.py", line 831, in _reverse_with_prefix
    raise NoReverseMatch(msg)
django.urls.exceptions.NoReverseMatch: Reverse for 'login' not found. 'login' is not a valid view function or pattern name.
[19/May/2026 20:51:49] "GET / HTTP/1.1" 500 169263
Not Found: /favicon.ico
[19/May/2026 20:51:49] "GET /favicon.ico HTTP/1.1" 404 6445
Internal Server Error: /
Traceback (most recent call last):
  File "E:\visual studio\WEB-PYTHON-KPI\lab4\.venv\Lib\site-packages\django\core\handlers\exception.py", line 55, in inner
    response = get_response(request)
  File "E:\visual studio\WEB-PYTHON-KPI\lab4\.venv\Lib\site-packages\django\core\handlers\base.py", line 197, in _get_response
    response = wrapped_callback(request, *callback_args, **callback_kwargs)
  File "E:\visual studio\WEB-PYTHON-KPI\lab5\app\views.py", line 17, in home
    set_flash(request, "Для цієї дії потрібно увійти в систему.")
       ^^^^^^^^^^^^^^^^^^^^^^^^^^^^^^^
  File "E:\visual studio\WEB-PYTHON-KPI\lab4\.venv\Lib\site-packages\django\shortcuts.py", line 25, in render
    content = loader.render_to_string(template_name, context, request, using=using)
  File "E:\visual studio\WEB-PYTHON-KPI\lab4\.venv\Lib\site-packages\django\template\loader.py", line 62, in render_to_string
    return template.render(context, request)
           ~~~~~~~~~~~~~~~^^^^^^^^^^^^^^^^^^
  File "E:\visual studio\WEB-PYTHON-KPI\lab4\.venv\Lib\site-packages\django\template\backends\django.py", line 107, in render
    return self.template.render(context)
           ~~~~~~~~~~~~~~~~~~~~^^^^^^^^^
  File "E:\visual studio\WEB-PYTHON-KPI\lab4\.venv\Lib\site-packages\django\template\base.py", line 171, in render
    return self._render(context)
           ~~~~~~~~~~~~^^^^^^^^^
  File "E:\visual studio\WEB-PYTHON-KPI\lab4\.venv\Lib\site-packages\django\template\base.py", line 163, in _render
    return self.nodelist.render(context)
           ~~~~~~~~~~~~~~~~~~~~^^^^^^^^^
  File "E:\visual studio\WEB-PYTHON-KPI\lab4\.venv\Lib\site-packages\django\template\base.py", line 1016, in render
    return SafeString("".join([node.render_annotated(context) for node in self]))
                               ~~~~~~~~~~~~~~~~~~~~~^^^^^^^^^
  File "E:\visual studio\WEB-PYTHON-KPI\lab4\.venv\Lib\site-packages\django\template\base.py", line 977, in render_annotated
    return self.render(context)
           ~~~~~~~~~~~^^^^^^^^^
  File "E:\visual studio\WEB-PYTHON-KPI\lab4\.venv\Lib\site-packages\django\template\loader_tags.py", line 159, in render
    return compiled_parent._render(context)
           ~~~~~~~~~~~~~~~~~~~~~~~^^^^^^^^^
  File "E:\visual studio\WEB-PYTHON-KPI\lab4\.venv\Lib\site-packages\django\template\base.py", line 163, in _render
    return self.nodelist.render(context)
           ~~~~~~~~~~~~~~~~~~~~^^^^^^^^^
  File "E:\visual studio\WEB-PYTHON-KPI\lab4\.venv\Lib\site-packages\django\template\base.py", line 1016, in render
    return SafeString("".join([node.render_annotated(context) for node in self]))
                               ~~~~~~~~~~~~~~~~~~~~~^^^^^^^^^
  File "E:\visual studio\WEB-PYTHON-KPI\lab4\.venv\Lib\site-packages\django\template\base.py", line 977, in render_annotated
    return self.render(context)
           ~~~~~~~~~~~^^^^^^^^^
  File "E:\visual studio\WEB-PYTHON-KPI\lab4\.venv\Lib\site-packages\django\template\loader_tags.py", line 65, in render
    result = block.nodelist.render(context)
  File "E:\visual studio\WEB-PYTHON-KPI\lab4\.venv\Lib\site-packages\django\template\base.py", line 1016, in render
    return SafeString("".join([node.render_annotated(context) for node in self]))
                               ~~~~~~~~~~~~~~~~~~~~~^^^^^^^^^
  File "E:\visual studio\WEB-PYTHON-KPI\lab4\.venv\Lib\site-packages\django\template\base.py", line 977, in render_annotated
    return self.render(context)
           ~~~~~~~~~~~^^^^^^^^^
  File "E:\visual studio\WEB-PYTHON-KPI\lab4\.venv\Lib\site-packages\django\template\defaulttags.py", line 327, in render
    return nodelist.render(context)
           ~~~~~~~~~~~~~~~^^^^^^^^^
  File "E:\visual studio\WEB-PYTHON-KPI\lab4\.venv\Lib\site-packages\django\template\base.py", line 1016, in render
    return SafeString("".join([node.render_annotated(context) for node in self]))
                               ~~~~~~~~~~~~~~~~~~~~~^^^^^^^^^
  File "E:\visual studio\WEB-PYTHON-KPI\lab4\.venv\Lib\site-packages\django\template\base.py", line 977, in render_annotated
    return self.render(context)
           ~~~~~~~~~~~^^^^^^^^^
  File "E:\visual studio\WEB-PYTHON-KPI\lab4\.venv\Lib\site-packages\django\template\defaulttags.py", line 480, in render
    url = reverse(view_name, args=args, kwargs=kwargs, current_app=current_app)
  File "E:\visual studio\WEB-PYTHON-KPI\lab4\.venv\Lib\site-packages\django\urls\base.py", line 98, in reverse
    resolved_url = resolver._reverse_with_prefix(view, prefix, *args, **kwargs)
  File "E:\visual studio\WEB-PYTHON-KPI\lab4\.venv\Lib\site-packages\django\urls\resolvers.py", line 831, in _reverse_with_prefix
    raise NoReverseMatch(msg)
django.urls.exceptions.NoReverseMatch: Reverse for 'login' not found. 'login' is not a valid view function or pattern name.
[19/May/2026 20:52:06] "GET / HTTP/1.1" 500 169263
Internal Server Error: /
Traceback (most recent call last):
  File "E:\visual studio\WEB-PYTHON-KPI\lab4\.venv\Lib\site-packages\django\core\handlers\exception.py", line 55, in inner
    response = get_response(request)
  File "E:\visual studio\WEB-PYTHON-KPI\lab4\.venv\Lib\site-packages\django\core\handlers\base.py", line 197, in _get_response
    response = wrapped_callback(request, *callback_args, **callback_kwargs)
  File "E:\visual studio\WEB-PYTHON-KPI\lab5\app\views.py", line 17, in home
    set_flash(request, "Для цієї дії потрібно увійти в систему.")
       ^^^^^^^^^^^^^^^^^^^^^^^^^^^^^^^
  File "E:\visual studio\WEB-PYTHON-KPI\lab4\.venv\Lib\site-packages\django\shortcuts.py", line 25, in render
    content = loader.render_to_string(template_name, context, request, using=using)
  File "E:\visual studio\WEB-PYTHON-KPI\lab4\.venv\Lib\site-packages\django\template\loader.py", line 62, in render_to_string
    return template.render(context, request)
           ~~~~~~~~~~~~~~~^^^^^^^^^^^^^^^^^^
  File "E:\visual studio\WEB-PYTHON-KPI\lab4\.venv\Lib\site-packages\django\template\backends\django.py", line 107, in render
    return self.template.render(context)
           ~~~~~~~~~~~~~~~~~~~~^^^^^^^^^
  File "E:\visual studio\WEB-PYTHON-KPI\lab4\.venv\Lib\site-packages\django\template\base.py", line 171, in render
    return self._render(context)
           ~~~~~~~~~~~~^^^^^^^^^
  File "E:\visual studio\WEB-PYTHON-KPI\lab4\.venv\Lib\site-packages\django\template\base.py", line 163, in _render
    return self.nodelist.render(context)
           ~~~~~~~~~~~~~~~~~~~~^^^^^^^^^
  File "E:\visual studio\WEB-PYTHON-KPI\lab4\.venv\Lib\site-packages\django\template\base.py", line 1016, in render
    return SafeString("".join([node.render_annotated(context) for node in self]))
                               ~~~~~~~~~~~~~~~~~~~~~^^^^^^^^^
  File "E:\visual studio\WEB-PYTHON-KPI\lab4\.venv\Lib\site-packages\django\template\base.py", line 977, in render_annotated
    return self.render(context)
           ~~~~~~~~~~~^^^^^^^^^
  File "E:\visual studio\WEB-PYTHON-KPI\lab4\.venv\Lib\site-packages\django\template\loader_tags.py", line 159, in render
    return compiled_parent._render(context)
           ~~~~~~~~~~~~~~~~~~~~~~~^^^^^^^^^
  File "E:\visual studio\WEB-PYTHON-KPI\lab4\.venv\Lib\site-packages\django\template\base.py", line 163, in _render
    return self.nodelist.render(context)
           ~~~~~~~~~~~~~~~~~~~~^^^^^^^^^
  File "E:\visual studio\WEB-PYTHON-KPI\lab4\.venv\Lib\site-packages\django\template\base.py", line 1016, in render
    return SafeString("".join([node.render_annotated(context) for node in self]))
                               ~~~~~~~~~~~~~~~~~~~~~^^^^^^^^^
  File "E:\visual studio\WEB-PYTHON-KPI\lab4\.venv\Lib\site-packages\django\template\base.py", line 977, in render_annotated
    return self.render(context)
           ~~~~~~~~~~~^^^^^^^^^
  File "E:\visual studio\WEB-PYTHON-KPI\lab4\.venv\Lib\site-packages\django\template\loader_tags.py", line 65, in render
    result = block.nodelist.render(context)
  File "E:\visual studio\WEB-PYTHON-KPI\lab4\.venv\Lib\site-packages\django\template\base.py", line 1016, in render
    return SafeString("".join([node.render_annotated(context) for node in self]))
                               ~~~~~~~~~~~~~~~~~~~~~^^^^^^^^^
  File "E:\visual studio\WEB-PYTHON-KPI\lab4\.venv\Lib\site-packages\django\template\base.py", line 977, in render_annotated
    return self.render(context)
           ~~~~~~~~~~~^^^^^^^^^
  File "E:\visual studio\WEB-PYTHON-KPI\lab4\.venv\Lib\site-packages\django\template\defaulttags.py", line 327, in render
    return nodelist.render(context)
           ~~~~~~~~~~~~~~~^^^^^^^^^
  File "E:\visual studio\WEB-PYTHON-KPI\lab4\.venv\Lib\site-packages\django\template\base.py", line 1016, in render
    return SafeString("".join([node.render_annotated(context) for node in self]))
                               ~~~~~~~~~~~~~~~~~~~~~^^^^^^^^^
  File "E:\visual studio\WEB-PYTHON-KPI\lab4\.venv\Lib\site-packages\django\template\base.py", line 977, in render_annotated
    return self.render(context)
           ~~~~~~~~~~~^^^^^^^^^
  File "E:\visual studio\WEB-PYTHON-KPI\lab4\.venv\Lib\site-packages\django\template\defaulttags.py", line 480, in render
    url = reverse(view_name, args=args, kwargs=kwargs, current_app=current_app)
  File "E:\visual studio\WEB-PYTHON-KPI\lab4\.venv\Lib\site-packages\django\urls\base.py", line 98, in reverse
    resolved_url = resolver._reverse_with_prefix(view, prefix, *args, **kwargs)
  File "E:\visual studio\WEB-PYTHON-KPI\lab4\.venv\Lib\site-packages\django\urls\resolvers.py", line 831, in _reverse_with_prefix
    raise NoReverseMatch(msg)
django.urls.exceptions.NoReverseMatch: Reverse for 'login' not found. 'login' is not a valid view function or pattern name.
[19/May/2026 20:58:21] "GET / HTTP/1.1" 500 169400
Not Found: /favicon.ico
[19/May/2026 20:58:22] "GET /favicon.ico HTTP/1.1" 404 6445
Internal Server Error: /
Traceback (most recent call last):
  File "E:\visual studio\WEB-PYTHON-KPI\lab4\.venv\Lib\site-packages\django\core\handlers\exception.py", line 55, in inner
    response = get_response(request)
  File "E:\visual studio\WEB-PYTHON-KPI\lab4\.venv\Lib\site-packages\django\core\handlers\base.py", line 197, in _get_response
    response = wrapped_callback(request, *callback_args, **callback_kwargs)
  File "E:\visual studio\WEB-PYTHON-KPI\lab5\app\views.py", line 17, in home
    set_flash(request, "Для цієї дії потрібно увійти в систему.")
       ^^^^^^^^^^^^^^^^^^^^^^^^^^^^^^^
  File "E:\visual studio\WEB-PYTHON-KPI\lab4\.venv\Lib\site-packages\django\shortcuts.py", line 25, in render
    content = loader.render_to_string(template_name, context, request, using=using)
  File "E:\visual studio\WEB-PYTHON-KPI\lab4\.venv\Lib\site-packages\django\template\loader.py", line 62, in render_to_string
    return template.render(context, request)
           ~~~~~~~~~~~~~~~^^^^^^^^^^^^^^^^^^
  File "E:\visual studio\WEB-PYTHON-KPI\lab4\.venv\Lib\site-packages\django\template\backends\django.py", line 107, in render
    return self.template.render(context)
           ~~~~~~~~~~~~~~~~~~~~^^^^^^^^^
  File "E:\visual studio\WEB-PYTHON-KPI\lab4\.venv\Lib\site-packages\django\template\base.py", line 171, in render
    return self._render(context)
           ~~~~~~~~~~~~^^^^^^^^^
  File "E:\visual studio\WEB-PYTHON-KPI\lab4\.venv\Lib\site-packages\django\template\base.py", line 163, in _render
    return self.nodelist.render(context)
           ~~~~~~~~~~~~~~~~~~~~^^^^^^^^^
  File "E:\visual studio\WEB-PYTHON-KPI\lab4\.venv\Lib\site-packages\django\template\base.py", line 1016, in render
    return SafeString("".join([node.render_annotated(context) for node in self]))
                               ~~~~~~~~~~~~~~~~~~~~~^^^^^^^^^
  File "E:\visual studio\WEB-PYTHON-KPI\lab4\.venv\Lib\site-packages\django\template\base.py", line 977, in render_annotated
    return self.render(context)
           ~~~~~~~~~~~^^^^^^^^^
  File "E:\visual studio\WEB-PYTHON-KPI\lab4\.venv\Lib\site-packages\django\template\loader_tags.py", line 159, in render
    return compiled_parent._render(context)
           ~~~~~~~~~~~~~~~~~~~~~~~^^^^^^^^^
  File "E:\visual studio\WEB-PYTHON-KPI\lab4\.venv\Lib\site-packages\django\template\base.py", line 163, in _render
    return self.nodelist.render(context)
           ~~~~~~~~~~~~~~~~~~~~^^^^^^^^^
  File "E:\visual studio\WEB-PYTHON-KPI\lab4\.venv\Lib\site-packages\django\template\base.py", line 1016, in render
    return SafeString("".join([node.render_annotated(context) for node in self]))
                               ~~~~~~~~~~~~~~~~~~~~~^^^^^^^^^
  File "E:\visual studio\WEB-PYTHON-KPI\lab4\.venv\Lib\site-packages\django\template\base.py", line 977, in render_annotated
    return self.render(context)
           ~~~~~~~~~~~^^^^^^^^^
  File "E:\visual studio\WEB-PYTHON-KPI\lab4\.venv\Lib\site-packages\django\template\loader_tags.py", line 65, in render
    result = block.nodelist.render(context)
  File "E:\visual studio\WEB-PYTHON-KPI\lab4\.venv\Lib\site-packages\django\template\base.py", line 1016, in render
    return SafeString("".join([node.render_annotated(context) for node in self]))
                               ~~~~~~~~~~~~~~~~~~~~~^^^^^^^^^
  File "E:\visual studio\WEB-PYTHON-KPI\lab4\.venv\Lib\site-packages\django\template\base.py", line 977, in render_annotated
    return self.render(context)
           ~~~~~~~~~~~^^^^^^^^^
  File "E:\visual studio\WEB-PYTHON-KPI\lab4\.venv\Lib\site-packages\django\template\defaulttags.py", line 327, in render
    return nodelist.render(context)
           ~~~~~~~~~~~~~~~^^^^^^^^^
  File "E:\visual studio\WEB-PYTHON-KPI\lab4\.venv\Lib\site-packages\django\template\base.py", line 1016, in render
    return SafeString("".join([node.render_annotated(context) for node in self]))
                               ~~~~~~~~~~~~~~~~~~~~~^^^^^^^^^
  File "E:\visual studio\WEB-PYTHON-KPI\lab4\.venv\Lib\site-packages\django\template\base.py", line 977, in render_annotated
    return self.render(context)
           ~~~~~~~~~~~^^^^^^^^^
  File "E:\visual studio\WEB-PYTHON-KPI\lab4\.venv\Lib\site-packages\django\template\defaulttags.py", line 480, in render
    url = reverse(view_name, args=args, kwargs=kwargs, current_app=current_app)
  File "E:\visual studio\WEB-PYTHON-KPI\lab4\.venv\Lib\site-packages\django\urls\base.py", line 98, in reverse
    resolved_url = resolver._reverse_with_prefix(view, prefix, *args, **kwargs)
  File "E:\visual studio\WEB-PYTHON-KPI\lab4\.venv\Lib\site-packages\django\urls\resolvers.py", line 831, in _reverse_with_prefix
    raise NoReverseMatch(msg)
django.urls.exceptions.NoReverseMatch: Reverse for 'login' not found. 'login' is not a valid view function or pattern name.
[19/May/2026 20:58:22] "GET / HTTP/1.1" 500 169400
Internal Server Error: /
Traceback (most recent call last):
  File "E:\visual studio\WEB-PYTHON-KPI\lab4\.venv\Lib\site-packages\django\core\handlers\exception.py", line 55, in inner
    response = get_response(request)
  File "E:\visual studio\WEB-PYTHON-KPI\lab4\.venv\Lib\site-packages\django\core\handlers\base.py", line 197, in _get_response
    response = wrapped_callback(request, *callback_args, **callback_kwargs)
  File "E:\visual studio\WEB-PYTHON-KPI\lab5\app\views.py", line 17, in home
    set_flash(request, "Для цієї дії потрібно увійти в систему.")
       ^^^^^^^^^^^^^^^^^^^^^^^^^^^^^^^
  File "E:\visual studio\WEB-PYTHON-KPI\lab4\.venv\Lib\site-packages\django\shortcuts.py", line 25, in render
    content = loader.render_to_string(template_name, context, request, using=using)
  File "E:\visual studio\WEB-PYTHON-KPI\lab4\.venv\Lib\site-packages\django\template\loader.py", line 62, in render_to_string
    return template.render(context, request)
           ~~~~~~~~~~~~~~~^^^^^^^^^^^^^^^^^^
  File "E:\visual studio\WEB-PYTHON-KPI\lab4\.venv\Lib\site-packages\django\template\backends\django.py", line 107, in render
    return self.template.render(context)
           ~~~~~~~~~~~~~~~~~~~~^^^^^^^^^
  File "E:\visual studio\WEB-PYTHON-KPI\lab4\.venv\Lib\site-packages\django\template\base.py", line 171, in render
    return self._render(context)
           ~~~~~~~~~~~~^^^^^^^^^
  File "E:\visual studio\WEB-PYTHON-KPI\lab4\.venv\Lib\site-packages\django\template\base.py", line 163, in _render
    return self.nodelist.render(context)
           ~~~~~~~~~~~~~~~~~~~~^^^^^^^^^
  File "E:\visual studio\WEB-PYTHON-KPI\lab4\.venv\Lib\site-packages\django\template\base.py", line 1016, in render
    return SafeString("".join([node.render_annotated(context) for node in self]))
                               ~~~~~~~~~~~~~~~~~~~~~^^^^^^^^^
  File "E:\visual studio\WEB-PYTHON-KPI\lab4\.venv\Lib\site-packages\django\template\base.py", line 977, in render_annotated
    return self.render(context)
           ~~~~~~~~~~~^^^^^^^^^
  File "E:\visual studio\WEB-PYTHON-KPI\lab4\.venv\Lib\site-packages\django\template\loader_tags.py", line 159, in render
    return compiled_parent._render(context)
           ~~~~~~~~~~~~~~~~~~~~~~~^^^^^^^^^
  File "E:\visual studio\WEB-PYTHON-KPI\lab4\.venv\Lib\site-packages\django\template\base.py", line 163, in _render
    return self.nodelist.render(context)
           ~~~~~~~~~~~~~~~~~~~~^^^^^^^^^
  File "E:\visual studio\WEB-PYTHON-KPI\lab4\.venv\Lib\site-packages\django\template\base.py", line 1016, in render
    return SafeString("".join([node.render_annotated(context) for node in self]))
                               ~~~~~~~~~~~~~~~~~~~~~^^^^^^^^^
  File "E:\visual studio\WEB-PYTHON-KPI\lab4\.venv\Lib\site-packages\django\template\base.py", line 977, in render_annotated
    return self.render(context)
           ~~~~~~~~~~~^^^^^^^^^
  File "E:\visual studio\WEB-PYTHON-KPI\lab4\.venv\Lib\site-packages\django\template\loader_tags.py", line 65, in render
    result = block.nodelist.render(context)
  File "E:\visual studio\WEB-PYTHON-KPI\lab4\.venv\Lib\site-packages\django\template\base.py", line 1016, in render
    return SafeString("".join([node.render_annotated(context) for node in self]))
                               ~~~~~~~~~~~~~~~~~~~~~^^^^^^^^^
  File "E:\visual studio\WEB-PYTHON-KPI\lab4\.venv\Lib\site-packages\django\template\base.py", line 977, in render_annotated
    return self.render(context)
           ~~~~~~~~~~~^^^^^^^^^
  File "E:\visual studio\WEB-PYTHON-KPI\lab4\.venv\Lib\site-packages\django\template\defaulttags.py", line 327, in render
    return nodelist.render(context)
           ~~~~~~~~~~~~~~~^^^^^^^^^
  File "E:\visual studio\WEB-PYTHON-KPI\lab4\.venv\Lib\site-packages\django\template\base.py", line 1016, in render
    return SafeString("".join([node.render_annotated(context) for node in self]))
                               ~~~~~~~~~~~~~~~~~~~~~^^^^^^^^^
  File "E:\visual studio\WEB-PYTHON-KPI\lab4\.venv\Lib\site-packages\django\template\base.py", line 977, in render_annotated
    return self.render(context)
           ~~~~~~~~~~~^^^^^^^^^
  File "E:\visual studio\WEB-PYTHON-KPI\lab4\.venv\Lib\site-packages\django\template\defaulttags.py", line 480, in render
    url = reverse(view_name, args=args, kwargs=kwargs, current_app=current_app)
  File "E:\visual studio\WEB-PYTHON-KPI\lab4\.venv\Lib\site-packages\django\urls\base.py", line 98, in reverse
    resolved_url = resolver._reverse_with_prefix(view, prefix, *args, **kwargs)
  File "E:\visual studio\WEB-PYTHON-KPI\lab4\.venv\Lib\site-packages\django\urls\resolvers.py", line 831, in _reverse_with_prefix
    raise NoReverseMatch(msg)
django.urls.exceptions.NoReverseMatch: Reverse for 'login' not found. 'login' is not a valid view function or pattern name.
[19/May/2026 20:58:22] "GET / HTTP/1.1" 500 169400
Internal Server Error: /
Traceback (most recent call last):
  File "E:\visual studio\WEB-PYTHON-KPI\lab4\.venv\Lib\site-packages\django\core\handlers\exception.py", line 55, in inner
    response = get_response(request)
  File "E:\visual studio\WEB-PYTHON-KPI\lab4\.venv\Lib\site-packages\django\core\handlers\base.py", line 197, in _get_response
    response = wrapped_callback(request, *callback_args, **callback_kwargs)
  File "E:\visual studio\WEB-PYTHON-KPI\lab5\app\views.py", line 17, in home
    set_flash(request, "Для цієї дії потрібно увійти в систему.")
       ^^^^^^^^^^^^^^^^^^^^^^^^^^^^^^^
  File "E:\visual studio\WEB-PYTHON-KPI\lab4\.venv\Lib\site-packages\django\shortcuts.py", line 25, in render
    content = loader.render_to_string(template_name, context, request, using=using)
  File "E:\visual studio\WEB-PYTHON-KPI\lab4\.venv\Lib\site-packages\django\template\loader.py", line 62, in render_to_string
    return template.render(context, request)
           ~~~~~~~~~~~~~~~^^^^^^^^^^^^^^^^^^
  File "E:\visual studio\WEB-PYTHON-KPI\lab4\.venv\Lib\site-packages\django\template\backends\django.py", line 107, in render
    return self.template.render(context)
           ~~~~~~~~~~~~~~~~~~~~^^^^^^^^^
  File "E:\visual studio\WEB-PYTHON-KPI\lab4\.venv\Lib\site-packages\django\template\base.py", line 171, in render
    return self._render(context)
           ~~~~~~~~~~~~^^^^^^^^^
  File "E:\visual studio\WEB-PYTHON-KPI\lab4\.venv\Lib\site-packages\django\template\base.py", line 163, in _render
    return self.nodelist.render(context)
           ~~~~~~~~~~~~~~~~~~~~^^^^^^^^^
  File "E:\visual studio\WEB-PYTHON-KPI\lab4\.venv\Lib\site-packages\django\template\base.py", line 1016, in render
    return SafeString("".join([node.render_annotated(context) for node in self]))
                               ~~~~~~~~~~~~~~~~~~~~~^^^^^^^^^
  File "E:\visual studio\WEB-PYTHON-KPI\lab4\.venv\Lib\site-packages\django\template\base.py", line 977, in render_annotated
    return self.render(context)
           ~~~~~~~~~~~^^^^^^^^^
  File "E:\visual studio\WEB-PYTHON-KPI\lab4\.venv\Lib\site-packages\django\template\loader_tags.py", line 159, in render
    return compiled_parent._render(context)
           ~~~~~~~~~~~~~~~~~~~~~~~^^^^^^^^^
  File "E:\visual studio\WEB-PYTHON-KPI\lab4\.venv\Lib\site-packages\django\template\base.py", line 163, in _render
    return self.nodelist.render(context)
           ~~~~~~~~~~~~~~~~~~~~^^^^^^^^^
  File "E:\visual studio\WEB-PYTHON-KPI\lab4\.venv\Lib\site-packages\django\template\base.py", line 1016, in render
    return SafeString("".join([node.render_annotated(context) for node in self]))
                               ~~~~~~~~~~~~~~~~~~~~~^^^^^^^^^
  File "E:\visual studio\WEB-PYTHON-KPI\lab4\.venv\Lib\site-packages\django\template\base.py", line 977, in render_annotated
    return self.render(context)
           ~~~~~~~~~~~^^^^^^^^^
  File "E:\visual studio\WEB-PYTHON-KPI\lab4\.venv\Lib\site-packages\django\template\loader_tags.py", line 65, in render
    result = block.nodelist.render(context)
  File "E:\visual studio\WEB-PYTHON-KPI\lab4\.venv\Lib\site-packages\django\template\base.py", line 1016, in render
    return SafeString("".join([node.render_annotated(context) for node in self]))
                               ~~~~~~~~~~~~~~~~~~~~~^^^^^^^^^
  File "E:\visual studio\WEB-PYTHON-KPI\lab4\.venv\Lib\site-packages\django\template\base.py", line 977, in render_annotated
    return self.render(context)
           ~~~~~~~~~~~^^^^^^^^^
  File "E:\visual studio\WEB-PYTHON-KPI\lab4\.venv\Lib\site-packages\django\template\defaulttags.py", line 327, in render
    return nodelist.render(context)
           ~~~~~~~~~~~~~~~^^^^^^^^^
  File "E:\visual studio\WEB-PYTHON-KPI\lab4\.venv\Lib\site-packages\django\template\base.py", line 1016, in render
    return SafeString("".join([node.render_annotated(context) for node in self]))
                               ~~~~~~~~~~~~~~~~~~~~~^^^^^^^^^
  File "E:\visual studio\WEB-PYTHON-KPI\lab4\.venv\Lib\site-packages\django\template\base.py", line 977, in render_annotated
    return self.render(context)
           ~~~~~~~~~~~^^^^^^^^^
  File "E:\visual studio\WEB-PYTHON-KPI\lab4\.venv\Lib\site-packages\django\template\defaulttags.py", line 480, in render
    url = reverse(view_name, args=args, kwargs=kwargs, current_app=current_app)
  File "E:\visual studio\WEB-PYTHON-KPI\lab4\.venv\Lib\site-packages\django\urls\base.py", line 98, in reverse
    resolved_url = resolver._reverse_with_prefix(view, prefix, *args, **kwargs)
  File "E:\visual studio\WEB-PYTHON-KPI\lab4\.venv\Lib\site-packages\django\urls\resolvers.py", line 831, in _reverse_with_prefix
    raise NoReverseMatch(msg)
django.urls.exceptions.NoReverseMatch: Reverse for 'login' not found. 'login' is not a valid view function or pattern name.
[19/May/2026 20:58:23] "GET / HTTP/1.1" 500 169528
Not Found: /favicon.ico
[19/May/2026 20:58:23] "GET /favicon.ico HTTP/1.1" 404 6445
Internal Server Error: /
Traceback (most recent call last):
  File "E:\visual studio\WEB-PYTHON-KPI\lab4\.venv\Lib\site-packages\django\core\handlers\exception.py", line 55, in inner
    response = get_response(request)
  File "E:\visual studio\WEB-PYTHON-KPI\lab4\.venv\Lib\site-packages\django\core\handlers\base.py", line 197, in _get_response
    response = wrapped_callback(request, *callback_args, **callback_kwargs)
  File "E:\visual studio\WEB-PYTHON-KPI\lab5\app\views.py", line 17, in home
    set_flash(request, "Для цієї дії потрібно увійти в систему.")
       ^^^^^^^^^^^^^^^^^^^^^^^^^^^^^^^
  File "E:\visual studio\WEB-PYTHON-KPI\lab4\.venv\Lib\site-packages\django\shortcuts.py", line 25, in render
    content = loader.render_to_string(template_name, context, request, using=using)
  File "E:\visual studio\WEB-PYTHON-KPI\lab4\.venv\Lib\site-packages\django\template\loader.py", line 62, in render_to_string
    return template.render(context, request)
           ~~~~~~~~~~~~~~~^^^^^^^^^^^^^^^^^^
  File "E:\visual studio\WEB-PYTHON-KPI\lab4\.venv\Lib\site-packages\django\template\backends\django.py", line 107, in render
    return self.template.render(context)
           ~~~~~~~~~~~~~~~~~~~~^^^^^^^^^
  File "E:\visual studio\WEB-PYTHON-KPI\lab4\.venv\Lib\site-packages\django\template\base.py", line 171, in render
    return self._render(context)
           ~~~~~~~~~~~~^^^^^^^^^
  File "E:\visual studio\WEB-PYTHON-KPI\lab4\.venv\Lib\site-packages\django\template\base.py", line 163, in _render
    return self.nodelist.render(context)
           ~~~~~~~~~~~~~~~~~~~~^^^^^^^^^
  File "E:\visual studio\WEB-PYTHON-KPI\lab4\.venv\Lib\site-packages\django\template\base.py", line 1016, in render
    return SafeString("".join([node.render_annotated(context) for node in self]))
                               ~~~~~~~~~~~~~~~~~~~~~^^^^^^^^^
  File "E:\visual studio\WEB-PYTHON-KPI\lab4\.venv\Lib\site-packages\django\template\base.py", line 977, in render_annotated
    return self.render(context)
           ~~~~~~~~~~~^^^^^^^^^
  File "E:\visual studio\WEB-PYTHON-KPI\lab4\.venv\Lib\site-packages\django\template\loader_tags.py", line 159, in render
    return compiled_parent._render(context)
           ~~~~~~~~~~~~~~~~~~~~~~~^^^^^^^^^
  File "E:\visual studio\WEB-PYTHON-KPI\lab4\.venv\Lib\site-packages\django\template\base.py", line 163, in _render
    return self.nodelist.render(context)
           ~~~~~~~~~~~~~~~~~~~~^^^^^^^^^
  File "E:\visual studio\WEB-PYTHON-KPI\lab4\.venv\Lib\site-packages\django\template\base.py", line 1016, in render
    return SafeString("".join([node.render_annotated(context) for node in self]))
                               ~~~~~~~~~~~~~~~~~~~~~^^^^^^^^^
  File "E:\visual studio\WEB-PYTHON-KPI\lab4\.venv\Lib\site-packages\django\template\base.py", line 977, in render_annotated
    return self.render(context)
           ~~~~~~~~~~~^^^^^^^^^
  File "E:\visual studio\WEB-PYTHON-KPI\lab4\.venv\Lib\site-packages\django\template\loader_tags.py", line 65, in render
    result = block.nodelist.render(context)
  File "E:\visual studio\WEB-PYTHON-KPI\lab4\.venv\Lib\site-packages\django\template\base.py", line 1016, in render
    return SafeString("".join([node.render_annotated(context) for node in self]))
                               ~~~~~~~~~~~~~~~~~~~~~^^^^^^^^^
  File "E:\visual studio\WEB-PYTHON-KPI\lab4\.venv\Lib\site-packages\django\template\base.py", line 977, in render_annotated
    return self.render(context)
           ~~~~~~~~~~~^^^^^^^^^
  File "E:\visual studio\WEB-PYTHON-KPI\lab4\.venv\Lib\site-packages\django\template\defaulttags.py", line 327, in render
    return nodelist.render(context)
           ~~~~~~~~~~~~~~~^^^^^^^^^
  File "E:\visual studio\WEB-PYTHON-KPI\lab4\.venv\Lib\site-packages\django\template\base.py", line 1016, in render
    return SafeString("".join([node.render_annotated(context) for node in self]))
                               ~~~~~~~~~~~~~~~~~~~~~^^^^^^^^^
  File "E:\visual studio\WEB-PYTHON-KPI\lab4\.venv\Lib\site-packages\django\template\base.py", line 977, in render_annotated
    return self.render(context)
           ~~~~~~~~~~~^^^^^^^^^
  File "E:\visual studio\WEB-PYTHON-KPI\lab4\.venv\Lib\site-packages\django\template\defaulttags.py", line 480, in render
    url = reverse(view_name, args=args, kwargs=kwargs, current_app=current_app)
  File "E:\visual studio\WEB-PYTHON-KPI\lab4\.venv\Lib\site-packages\django\urls\base.py", line 98, in reverse
    resolved_url = resolver._reverse_with_prefix(view, prefix, *args, **kwargs)
  File "E:\visual studio\WEB-PYTHON-KPI\lab4\.venv\Lib\site-packages\django\urls\resolvers.py", line 831, in _reverse_with_prefix
    raise NoReverseMatch(msg)
django.urls.exceptions.NoReverseMatch: Reverse for 'login' not found. 'login' is not a valid view function or pattern name.
[19/May/2026 20:58:23] "GET / HTTP/1.1" 500 169528
Not Found: /favicon.ico
[19/May/2026 20:58:24] "GET /favicon.ico HTTP/1.1" 404 6445
Internal Server Error: /
Traceback (most recent call last):
  File "E:\visual studio\WEB-PYTHON-KPI\lab4\.venv\Lib\site-packages\django\core\handlers\exception.py", line 55, in inner
    response = get_response(request)
  File "E:\visual studio\WEB-PYTHON-KPI\lab4\.venv\Lib\site-packages\django\core\handlers\base.py", line 197, in _get_response
    response = wrapped_callback(request, *callback_args, **callback_kwargs)
  File "E:\visual studio\WEB-PYTHON-KPI\lab5\app\views.py", line 17, in home
    set_flash(request, "Для цієї дії потрібно увійти в систему.")
       ^^^^^^^^^^^^^^^^^^^^^^^^^^^^^^^
  File "E:\visual studio\WEB-PYTHON-KPI\lab4\.venv\Lib\site-packages\django\shortcuts.py", line 25, in render
    content = loader.render_to_string(template_name, context, request, using=using)
  File "E:\visual studio\WEB-PYTHON-KPI\lab4\.venv\Lib\site-packages\django\template\loader.py", line 62, in render_to_string
    return template.render(context, request)
           ~~~~~~~~~~~~~~~^^^^^^^^^^^^^^^^^^
  File "E:\visual studio\WEB-PYTHON-KPI\lab4\.venv\Lib\site-packages\django\template\backends\django.py", line 107, in render
    return self.template.render(context)
           ~~~~~~~~~~~~~~~~~~~~^^^^^^^^^
  File "E:\visual studio\WEB-PYTHON-KPI\lab4\.venv\Lib\site-packages\django\template\base.py", line 171, in render
    return self._render(context)
           ~~~~~~~~~~~~^^^^^^^^^
  File "E:\visual studio\WEB-PYTHON-KPI\lab4\.venv\Lib\site-packages\django\template\base.py", line 163, in _render
    return self.nodelist.render(context)
           ~~~~~~~~~~~~~~~~~~~~^^^^^^^^^
  File "E:\visual studio\WEB-PYTHON-KPI\lab4\.venv\Lib\site-packages\django\template\base.py", line 1016, in render
    return SafeString("".join([node.render_annotated(context) for node in self]))
                               ~~~~~~~~~~~~~~~~~~~~~^^^^^^^^^
  File "E:\visual studio\WEB-PYTHON-KPI\lab4\.venv\Lib\site-packages\django\template\base.py", line 977, in render_annotated
    return self.render(context)
           ~~~~~~~~~~~^^^^^^^^^
  File "E:\visual studio\WEB-PYTHON-KPI\lab4\.venv\Lib\site-packages\django\template\loader_tags.py", line 159, in render
    return compiled_parent._render(context)
           ~~~~~~~~~~~~~~~~~~~~~~~^^^^^^^^^
  File "E:\visual studio\WEB-PYTHON-KPI\lab4\.venv\Lib\site-packages\django\template\base.py", line 163, in _render
    return self.nodelist.render(context)
           ~~~~~~~~~~~~~~~~~~~~^^^^^^^^^
  File "E:\visual studio\WEB-PYTHON-KPI\lab4\.venv\Lib\site-packages\django\template\base.py", line 1016, in render
    return SafeString("".join([node.render_annotated(context) for node in self]))
                               ~~~~~~~~~~~~~~~~~~~~~^^^^^^^^^
  File "E:\visual studio\WEB-PYTHON-KPI\lab4\.venv\Lib\site-packages\django\template\base.py", line 977, in render_annotated
    return self.render(context)
           ~~~~~~~~~~~^^^^^^^^^
  File "E:\visual studio\WEB-PYTHON-KPI\lab4\.venv\Lib\site-packages\django\template\loader_tags.py", line 65, in render
    result = block.nodelist.render(context)
  File "E:\visual studio\WEB-PYTHON-KPI\lab4\.venv\Lib\site-packages\django\template\base.py", line 1016, in render
    return SafeString("".join([node.render_annotated(context) for node in self]))
                               ~~~~~~~~~~~~~~~~~~~~~^^^^^^^^^
  File "E:\visual studio\WEB-PYTHON-KPI\lab4\.venv\Lib\site-packages\django\template\base.py", line 977, in render_annotated
    return self.render(context)
           ~~~~~~~~~~~^^^^^^^^^
  File "E:\visual studio\WEB-PYTHON-KPI\lab4\.venv\Lib\site-packages\django\template\defaulttags.py", line 327, in render
    return nodelist.render(context)
           ~~~~~~~~~~~~~~~^^^^^^^^^
  File "E:\visual studio\WEB-PYTHON-KPI\lab4\.venv\Lib\site-packages\django\template\base.py", line 1016, in render
    return SafeString("".join([node.render_annotated(context) for node in self]))
                               ~~~~~~~~~~~~~~~~~~~~~^^^^^^^^^
  File "E:\visual studio\WEB-PYTHON-KPI\lab4\.venv\Lib\site-packages\django\template\base.py", line 977, in render_annotated
    return self.render(context)
           ~~~~~~~~~~~^^^^^^^^^
  File "E:\visual studio\WEB-PYTHON-KPI\lab4\.venv\Lib\site-packages\django\template\defaulttags.py", line 480, in render
    url = reverse(view_name, args=args, kwargs=kwargs, current_app=current_app)
  File "E:\visual studio\WEB-PYTHON-KPI\lab4\.venv\Lib\site-packages\django\urls\base.py", line 98, in reverse
    resolved_url = resolver._reverse_with_prefix(view, prefix, *args, **kwargs)
  File "E:\visual studio\WEB-PYTHON-KPI\lab4\.venv\Lib\site-packages\django\urls\resolvers.py", line 831, in _reverse_with_prefix
    raise NoReverseMatch(msg)
django.urls.exceptions.NoReverseMatch: Reverse for 'login' not found. 'login' is not a valid view function or pattern name.
[19/May/2026 20:58:24] "GET / HTTP/1.1" 500 169528
Not Found: /favicon.ico
[19/May/2026 20:58:24] "GET /favicon.ico HTTP/1.1" 404 6445
Internal Server Error: /
Traceback (most recent call last):
  File "E:\visual studio\WEB-PYTHON-KPI\lab4\.venv\Lib\site-packages\django\core\handlers\exception.py", line 55, in inner
    response = get_response(request)
  File "E:\visual studio\WEB-PYTHON-KPI\lab4\.venv\Lib\site-packages\django\core\handlers\base.py", line 197, in _get_response
    response = wrapped_callback(request, *callback_args, **callback_kwargs)
  File "E:\visual studio\WEB-PYTHON-KPI\lab5\app\views.py", line 17, in home
    set_flash(request, "Для цієї дії потрібно увійти в систему.")
       ^^^^^^^^^^^^^^^^^^^^^^^^^^^^^^^
  File "E:\visual studio\WEB-PYTHON-KPI\lab4\.venv\Lib\site-packages\django\shortcuts.py", line 25, in render
    content = loader.render_to_string(template_name, context, request, using=using)
  File "E:\visual studio\WEB-PYTHON-KPI\lab4\.venv\Lib\site-packages\django\template\loader.py", line 62, in render_to_string
    return template.render(context, request)
           ~~~~~~~~~~~~~~~^^^^^^^^^^^^^^^^^^
  File "E:\visual studio\WEB-PYTHON-KPI\lab4\.venv\Lib\site-packages\django\template\backends\django.py", line 107, in render
    return self.template.render(context)
           ~~~~~~~~~~~~~~~~~~~~^^^^^^^^^
  File "E:\visual studio\WEB-PYTHON-KPI\lab4\.venv\Lib\site-packages\django\template\base.py", line 171, in render
    return self._render(context)
           ~~~~~~~~~~~~^^^^^^^^^
  File "E:\visual studio\WEB-PYTHON-KPI\lab4\.venv\Lib\site-packages\django\template\base.py", line 163, in _render
    return self.nodelist.render(context)
           ~~~~~~~~~~~~~~~~~~~~^^^^^^^^^
  File "E:\visual studio\WEB-PYTHON-KPI\lab4\.venv\Lib\site-packages\django\template\base.py", line 1016, in render
    return SafeString("".join([node.render_annotated(context) for node in self]))
                               ~~~~~~~~~~~~~~~~~~~~~^^^^^^^^^
  File "E:\visual studio\WEB-PYTHON-KPI\lab4\.venv\Lib\site-packages\django\template\base.py", line 977, in render_annotated
    return self.render(context)
           ~~~~~~~~~~~^^^^^^^^^
  File "E:\visual studio\WEB-PYTHON-KPI\lab4\.venv\Lib\site-packages\django\template\loader_tags.py", line 159, in render
    return compiled_parent._render(context)
           ~~~~~~~~~~~~~~~~~~~~~~~^^^^^^^^^
  File "E:\visual studio\WEB-PYTHON-KPI\lab4\.venv\Lib\site-packages\django\template\base.py", line 163, in _render
    return self.nodelist.render(context)
           ~~~~~~~~~~~~~~~~~~~~^^^^^^^^^
  File "E:\visual studio\WEB-PYTHON-KPI\lab4\.venv\Lib\site-packages\django\template\base.py", line 1016, in render
    return SafeString("".join([node.render_annotated(context) for node in self]))
                               ~~~~~~~~~~~~~~~~~~~~~^^^^^^^^^
  File "E:\visual studio\WEB-PYTHON-KPI\lab4\.venv\Lib\site-packages\django\template\base.py", line 977, in render_annotated
    return self.render(context)
           ~~~~~~~~~~~^^^^^^^^^
  File "E:\visual studio\WEB-PYTHON-KPI\lab4\.venv\Lib\site-packages\django\template\loader_tags.py", line 65, in render
    result = block.nodelist.render(context)
  File "E:\visual studio\WEB-PYTHON-KPI\lab4\.venv\Lib\site-packages\django\template\base.py", line 1016, in render
    return SafeString("".join([node.render_annotated(context) for node in self]))
                               ~~~~~~~~~~~~~~~~~~~~~^^^^^^^^^
  File "E:\visual studio\WEB-PYTHON-KPI\lab4\.venv\Lib\site-packages\django\template\base.py", line 977, in render_annotated
    return self.render(context)
           ~~~~~~~~~~~^^^^^^^^^
  File "E:\visual studio\WEB-PYTHON-KPI\lab4\.venv\Lib\site-packages\django\template\defaulttags.py", line 327, in render
    return nodelist.render(context)
           ~~~~~~~~~~~~~~~^^^^^^^^^
  File "E:\visual studio\WEB-PYTHON-KPI\lab4\.venv\Lib\site-packages\django\template\base.py", line 1016, in render
    return SafeString("".join([node.render_annotated(context) for node in self]))
                               ~~~~~~~~~~~~~~~~~~~~~^^^^^^^^^
  File "E:\visual studio\WEB-PYTHON-KPI\lab4\.venv\Lib\site-packages\django\template\base.py", line 977, in render_annotated
    return self.render(context)
           ~~~~~~~~~~~^^^^^^^^^
  File "E:\visual studio\WEB-PYTHON-KPI\lab4\.venv\Lib\site-packages\django\template\defaulttags.py", line 480, in render
    url = reverse(view_name, args=args, kwargs=kwargs, current_app=current_app)
  File "E:\visual studio\WEB-PYTHON-KPI\lab4\.venv\Lib\site-packages\django\urls\base.py", line 98, in reverse
    resolved_url = resolver._reverse_with_prefix(view, prefix, *args, **kwargs)
  File "E:\visual studio\WEB-PYTHON-KPI\lab4\.venv\Lib\site-packages\django\urls\resolvers.py", line 831, in _reverse_with_prefix
    raise NoReverseMatch(msg)
django.urls.exceptions.NoReverseMatch: Reverse for 'login' not found. 'login' is not a valid view function or pattern name.
[19/May/2026 20:58:24] "GET / HTTP/1.1" 500 169528
Not Found: /favicon.ico
[19/May/2026 20:58:24] "GET /favicon.ico HTTP/1.1" 404 6445
Internal Server Error: /
Traceback (most recent call last):
  File "E:\visual studio\WEB-PYTHON-KPI\lab4\.venv\Lib\site-packages\django\core\handlers\exception.py", line 55, in inner
    response = get_response(request)
  File "E:\visual studio\WEB-PYTHON-KPI\lab4\.venv\Lib\site-packages\django\core\handlers\base.py", line 197, in _get_response
    response = wrapped_callback(request, *callback_args, **callback_kwargs)
  File "E:\visual studio\WEB-PYTHON-KPI\lab5\app\views.py", line 17, in home
    set_flash(request, "Для цієї дії потрібно увійти в систему.")
       ^^^^^^^^^^^^^^^^^^^^^^^^^^^^^^^
  File "E:\visual studio\WEB-PYTHON-KPI\lab4\.venv\Lib\site-packages\django\shortcuts.py", line 25, in render
    content = loader.render_to_string(template_name, context, request, using=using)
  File "E:\visual studio\WEB-PYTHON-KPI\lab4\.venv\Lib\site-packages\django\template\loader.py", line 62, in render_to_string
    return template.render(context, request)
           ~~~~~~~~~~~~~~~^^^^^^^^^^^^^^^^^^
  File "E:\visual studio\WEB-PYTHON-KPI\lab4\.venv\Lib\site-packages\django\template\backends\django.py", line 107, in render
    return self.template.render(context)
           ~~~~~~~~~~~~~~~~~~~~^^^^^^^^^
  File "E:\visual studio\WEB-PYTHON-KPI\lab4\.venv\Lib\site-packages\django\template\base.py", line 171, in render
    return self._render(context)
           ~~~~~~~~~~~~^^^^^^^^^
  File "E:\visual studio\WEB-PYTHON-KPI\lab4\.venv\Lib\site-packages\django\template\base.py", line 163, in _render
    return self.nodelist.render(context)
           ~~~~~~~~~~~~~~~~~~~~^^^^^^^^^
  File "E:\visual studio\WEB-PYTHON-KPI\lab4\.venv\Lib\site-packages\django\template\base.py", line 1016, in render
    return SafeString("".join([node.render_annotated(context) for node in self]))
                               ~~~~~~~~~~~~~~~~~~~~~^^^^^^^^^
  File "E:\visual studio\WEB-PYTHON-KPI\lab4\.venv\Lib\site-packages\django\template\base.py", line 977, in render_annotated
    return self.render(context)
           ~~~~~~~~~~~^^^^^^^^^
  File "E:\visual studio\WEB-PYTHON-KPI\lab4\.venv\Lib\site-packages\django\template\loader_tags.py", line 159, in render
    return compiled_parent._render(context)
           ~~~~~~~~~~~~~~~~~~~~~~~^^^^^^^^^
  File "E:\visual studio\WEB-PYTHON-KPI\lab4\.venv\Lib\site-packages\django\template\base.py", line 163, in _render
    return self.nodelist.render(context)
           ~~~~~~~~~~~~~~~~~~~~^^^^^^^^^
  File "E:\visual studio\WEB-PYTHON-KPI\lab4\.venv\Lib\site-packages\django\template\base.py", line 1016, in render
    return SafeString("".join([node.render_annotated(context) for node in self]))
                               ~~~~~~~~~~~~~~~~~~~~~^^^^^^^^^
  File "E:\visual studio\WEB-PYTHON-KPI\lab4\.venv\Lib\site-packages\django\template\base.py", line 977, in render_annotated
    return self.render(context)
           ~~~~~~~~~~~^^^^^^^^^
  File "E:\visual studio\WEB-PYTHON-KPI\lab4\.venv\Lib\site-packages\django\template\loader_tags.py", line 65, in render
    result = block.nodelist.render(context)
  File "E:\visual studio\WEB-PYTHON-KPI\lab4\.venv\Lib\site-packages\django\template\base.py", line 1016, in render
    return SafeString("".join([node.render_annotated(context) for node in self]))
                               ~~~~~~~~~~~~~~~~~~~~~^^^^^^^^^
  File "E:\visual studio\WEB-PYTHON-KPI\lab4\.venv\Lib\site-packages\django\template\base.py", line 977, in render_annotated
    return self.render(context)
           ~~~~~~~~~~~^^^^^^^^^
  File "E:\visual studio\WEB-PYTHON-KPI\lab4\.venv\Lib\site-packages\django\template\defaulttags.py", line 327, in render
    return nodelist.render(context)
           ~~~~~~~~~~~~~~~^^^^^^^^^
  File "E:\visual studio\WEB-PYTHON-KPI\lab4\.venv\Lib\site-packages\django\template\base.py", line 1016, in render
    return SafeString("".join([node.render_annotated(context) for node in self]))
                               ~~~~~~~~~~~~~~~~~~~~~^^^^^^^^^
  File "E:\visual studio\WEB-PYTHON-KPI\lab4\.venv\Lib\site-packages\django\template\base.py", line 977, in render_annotated
    return self.render(context)
           ~~~~~~~~~~~^^^^^^^^^
  File "E:\visual studio\WEB-PYTHON-KPI\lab4\.venv\Lib\site-packages\django\template\defaulttags.py", line 480, in render
    url = reverse(view_name, args=args, kwargs=kwargs, current_app=current_app)
  File "E:\visual studio\WEB-PYTHON-KPI\lab4\.venv\Lib\site-packages\django\urls\base.py", line 98, in reverse
    resolved_url = resolver._reverse_with_prefix(view, prefix, *args, **kwargs)
  File "E:\visual studio\WEB-PYTHON-KPI\lab4\.venv\Lib\site-packages\django\urls\resolvers.py", line 831, in _reverse_with_prefix
    raise NoReverseMatch(msg)
django.urls.exceptions.NoReverseMatch: Reverse for 'login' not found. 'login' is not a valid view function or pattern name.
[19/May/2026 21:01:50] "GET / HTTP/1.1" 500 169400
Internal Server Error: /
Traceback (most recent call last):
  File "E:\visual studio\WEB-PYTHON-KPI\lab4\.venv\Lib\site-packages\django\core\handlers\exception.py", line 55, in inner
    response = get_response(request)
  File "E:\visual studio\WEB-PYTHON-KPI\lab4\.venv\Lib\site-packages\django\core\handlers\base.py", line 197, in _get_response
    response = wrapped_callback(request, *callback_args, **callback_kwargs)
  File "E:\visual studio\WEB-PYTHON-KPI\lab5\app\views.py", line 17, in home
    set_flash(request, "Для цієї дії потрібно увійти в систему.")
       ^^^^^^^^^^^^^^^^^^^^^^^^^^^^^^^
  File "E:\visual studio\WEB-PYTHON-KPI\lab4\.venv\Lib\site-packages\django\shortcuts.py", line 25, in render
    content = loader.render_to_string(template_name, context, request, using=using)
  File "E:\visual studio\WEB-PYTHON-KPI\lab4\.venv\Lib\site-packages\django\template\loader.py", line 62, in render_to_string
    return template.render(context, request)
           ~~~~~~~~~~~~~~~^^^^^^^^^^^^^^^^^^
  File "E:\visual studio\WEB-PYTHON-KPI\lab4\.venv\Lib\site-packages\django\template\backends\django.py", line 107, in render
    return self.template.render(context)
           ~~~~~~~~~~~~~~~~~~~~^^^^^^^^^
  File "E:\visual studio\WEB-PYTHON-KPI\lab4\.venv\Lib\site-packages\django\template\base.py", line 171, in render
    return self._render(context)
           ~~~~~~~~~~~~^^^^^^^^^
  File "E:\visual studio\WEB-PYTHON-KPI\lab4\.venv\Lib\site-packages\django\template\base.py", line 163, in _render
    return self.nodelist.render(context)
           ~~~~~~~~~~~~~~~~~~~~^^^^^^^^^
  File "E:\visual studio\WEB-PYTHON-KPI\lab4\.venv\Lib\site-packages\django\template\base.py", line 1016, in render
    return SafeString("".join([node.render_annotated(context) for node in self]))
                               ~~~~~~~~~~~~~~~~~~~~~^^^^^^^^^
  File "E:\visual studio\WEB-PYTHON-KPI\lab4\.venv\Lib\site-packages\django\template\base.py", line 977, in render_annotated
    return self.render(context)
           ~~~~~~~~~~~^^^^^^^^^
  File "E:\visual studio\WEB-PYTHON-KPI\lab4\.venv\Lib\site-packages\django\template\loader_tags.py", line 159, in render
    return compiled_parent._render(context)
           ~~~~~~~~~~~~~~~~~~~~~~~^^^^^^^^^
  File "E:\visual studio\WEB-PYTHON-KPI\lab4\.venv\Lib\site-packages\django\template\base.py", line 163, in _render
    return self.nodelist.render(context)
           ~~~~~~~~~~~~~~~~~~~~^^^^^^^^^
  File "E:\visual studio\WEB-PYTHON-KPI\lab4\.venv\Lib\site-packages\django\template\base.py", line 1016, in render
    return SafeString("".join([node.render_annotated(context) for node in self]))
                               ~~~~~~~~~~~~~~~~~~~~~^^^^^^^^^
  File "E:\visual studio\WEB-PYTHON-KPI\lab4\.venv\Lib\site-packages\django\template\base.py", line 977, in render_annotated
    return self.render(context)
           ~~~~~~~~~~~^^^^^^^^^
  File "E:\visual studio\WEB-PYTHON-KPI\lab4\.venv\Lib\site-packages\django\template\loader_tags.py", line 65, in render
    result = block.nodelist.render(context)
  File "E:\visual studio\WEB-PYTHON-KPI\lab4\.venv\Lib\site-packages\django\template\base.py", line 1016, in render
    return SafeString("".join([node.render_annotated(context) for node in self]))
                               ~~~~~~~~~~~~~~~~~~~~~^^^^^^^^^
  File "E:\visual studio\WEB-PYTHON-KPI\lab4\.venv\Lib\site-packages\django\template\base.py", line 977, in render_annotated
    return self.render(context)
           ~~~~~~~~~~~^^^^^^^^^
  File "E:\visual studio\WEB-PYTHON-KPI\lab4\.venv\Lib\site-packages\django\template\defaulttags.py", line 327, in render
    return nodelist.render(context)
           ~~~~~~~~~~~~~~~^^^^^^^^^
  File "E:\visual studio\WEB-PYTHON-KPI\lab4\.venv\Lib\site-packages\django\template\base.py", line 1016, in render
    return SafeString("".join([node.render_annotated(context) for node in self]))
                               ~~~~~~~~~~~~~~~~~~~~~^^^^^^^^^
  File "E:\visual studio\WEB-PYTHON-KPI\lab4\.venv\Lib\site-packages\django\template\base.py", line 977, in render_annotated
    return self.render(context)
           ~~~~~~~~~~~^^^^^^^^^
  File "E:\visual studio\WEB-PYTHON-KPI\lab4\.venv\Lib\site-packages\django\template\defaulttags.py", line 480, in render
    url = reverse(view_name, args=args, kwargs=kwargs, current_app=current_app)
  File "E:\visual studio\WEB-PYTHON-KPI\lab4\.venv\Lib\site-packages\django\urls\base.py", line 98, in reverse
    resolved_url = resolver._reverse_with_prefix(view, prefix, *args, **kwargs)
  File "E:\visual studio\WEB-PYTHON-KPI\lab4\.venv\Lib\site-packages\django\urls\resolvers.py", line 831, in _reverse_with_prefix
    raise NoReverseMatch(msg)
django.urls.exceptions.NoReverseMatch: Reverse for 'login' not found. 'login' is not a valid view function or pattern name.
[19/May/2026 21:01:50] "GET / HTTP/1.1" 500 169400
Internal Server Error: /
Traceback (most recent call last):
  File "E:\visual studio\WEB-PYTHON-KPI\lab4\.venv\Lib\site-packages\django\core\handlers\exception.py", line 55, in inner
    response = get_response(request)
  File "E:\visual studio\WEB-PYTHON-KPI\lab4\.venv\Lib\site-packages\django\core\handlers\base.py", line 197, in _get_response
    response = wrapped_callback(request, *callback_args, **callback_kwargs)
  File "E:\visual studio\WEB-PYTHON-KPI\lab5\app\views.py", line 17, in home
    set_flash(request, "Для цієї дії потрібно увійти в систему.")
       ^^^^^^^^^^^^^^^^^^^^^^^^^^^^^^^
  File "E:\visual studio\WEB-PYTHON-KPI\lab4\.venv\Lib\site-packages\django\shortcuts.py", line 25, in render
    content = loader.render_to_string(template_name, context, request, using=using)
  File "E:\visual studio\WEB-PYTHON-KPI\lab4\.venv\Lib\site-packages\django\template\loader.py", line 62, in render_to_string
    return template.render(context, request)
           ~~~~~~~~~~~~~~~^^^^^^^^^^^^^^^^^^
  File "E:\visual studio\WEB-PYTHON-KPI\lab4\.venv\Lib\site-packages\django\template\backends\django.py", line 107, in render
    return self.template.render(context)
           ~~~~~~~~~~~~~~~~~~~~^^^^^^^^^
  File "E:\visual studio\WEB-PYTHON-KPI\lab4\.venv\Lib\site-packages\django\template\base.py", line 171, in render
    return self._render(context)
           ~~~~~~~~~~~~^^^^^^^^^
  File "E:\visual studio\WEB-PYTHON-KPI\lab4\.venv\Lib\site-packages\django\template\base.py", line 163, in _render
    return self.nodelist.render(context)
           ~~~~~~~~~~~~~~~~~~~~^^^^^^^^^
  File "E:\visual studio\WEB-PYTHON-KPI\lab4\.venv\Lib\site-packages\django\template\base.py", line 1016, in render
    return SafeString("".join([node.render_annotated(context) for node in self]))
                               ~~~~~~~~~~~~~~~~~~~~~^^^^^^^^^
  File "E:\visual studio\WEB-PYTHON-KPI\lab4\.venv\Lib\site-packages\django\template\base.py", line 977, in render_annotated
    return self.render(context)
           ~~~~~~~~~~~^^^^^^^^^
  File "E:\visual studio\WEB-PYTHON-KPI\lab4\.venv\Lib\site-packages\django\template\loader_tags.py", line 159, in render
    return compiled_parent._render(context)
           ~~~~~~~~~~~~~~~~~~~~~~~^^^^^^^^^
  File "E:\visual studio\WEB-PYTHON-KPI\lab4\.venv\Lib\site-packages\django\template\base.py", line 163, in _render
    return self.nodelist.render(context)
           ~~~~~~~~~~~~~~~~~~~~^^^^^^^^^
  File "E:\visual studio\WEB-PYTHON-KPI\lab4\.venv\Lib\site-packages\django\template\base.py", line 1016, in render
    return SafeString("".join([node.render_annotated(context) for node in self]))
                               ~~~~~~~~~~~~~~~~~~~~~^^^^^^^^^
  File "E:\visual studio\WEB-PYTHON-KPI\lab4\.venv\Lib\site-packages\django\template\base.py", line 977, in render_annotated
    return self.render(context)
           ~~~~~~~~~~~^^^^^^^^^
  File "E:\visual studio\WEB-PYTHON-KPI\lab4\.venv\Lib\site-packages\django\template\loader_tags.py", line 65, in render
    result = block.nodelist.render(context)
  File "E:\visual studio\WEB-PYTHON-KPI\lab4\.venv\Lib\site-packages\django\template\base.py", line 1016, in render
    return SafeString("".join([node.render_annotated(context) for node in self]))
                               ~~~~~~~~~~~~~~~~~~~~~^^^^^^^^^
  File "E:\visual studio\WEB-PYTHON-KPI\lab4\.venv\Lib\site-packages\django\template\base.py", line 977, in render_annotated
    return self.render(context)
           ~~~~~~~~~~~^^^^^^^^^
  File "E:\visual studio\WEB-PYTHON-KPI\lab4\.venv\Lib\site-packages\django\template\defaulttags.py", line 327, in render
    return nodelist.render(context)
           ~~~~~~~~~~~~~~~^^^^^^^^^
  File "E:\visual studio\WEB-PYTHON-KPI\lab4\.venv\Lib\site-packages\django\template\base.py", line 1016, in render
    return SafeString("".join([node.render_annotated(context) for node in self]))
                               ~~~~~~~~~~~~~~~~~~~~~^^^^^^^^^
  File "E:\visual studio\WEB-PYTHON-KPI\lab4\.venv\Lib\site-packages\django\template\base.py", line 977, in render_annotated
    return self.render(context)
           ~~~~~~~~~~~^^^^^^^^^
  File "E:\visual studio\WEB-PYTHON-KPI\lab4\.venv\Lib\site-packages\django\template\defaulttags.py", line 480, in render
    url = reverse(view_name, args=args, kwargs=kwargs, current_app=current_app)
  File "E:\visual studio\WEB-PYTHON-KPI\lab4\.venv\Lib\site-packages\django\urls\base.py", line 98, in reverse
    resolved_url = resolver._reverse_with_prefix(view, prefix, *args, **kwargs)
  File "E:\visual studio\WEB-PYTHON-KPI\lab4\.venv\Lib\site-packages\django\urls\resolvers.py", line 831, in _reverse_with_prefix
    raise NoReverseMatch(msg)
django.urls.exceptions.NoReverseMatch: Reverse for 'login' not found. 'login' is not a valid view function or pattern name.
Not Found: /favicon.ico
[19/May/2026 21:01:50] "GET / HTTP/1.1" 500 169400
[19/May/2026 21:01:50] "GET /favicon.ico HTTP/1.1" 404 6445
Not Found: /favicon.ico
[19/May/2026 21:01:50] "GET /favicon.ico HTTP/1.1" 404 6445
Internal Server Error: /
Traceback (most recent call last):
  File "E:\visual studio\WEB-PYTHON-KPI\lab4\.venv\Lib\site-packages\django\core\handlers\exception.py", line 55, in inner
    response = get_response(request)
  File "E:\visual studio\WEB-PYTHON-KPI\lab4\.venv\Lib\site-packages\django\core\handlers\base.py", line 197, in _get_response
    response = wrapped_callback(request, *callback_args, **callback_kwargs)
  File "E:\visual studio\WEB-PYTHON-KPI\lab5\app\views.py", line 17, in home
    set_flash(request, "Для цієї дії потрібно увійти в систему.")
       ^^^^^^^^^^^^^^^^^^^^^^^^^^^^^^^
  File "E:\visual studio\WEB-PYTHON-KPI\lab4\.venv\Lib\site-packages\django\shortcuts.py", line 25, in render
    content = loader.render_to_string(template_name, context, request, using=using)
  File "E:\visual studio\WEB-PYTHON-KPI\lab4\.venv\Lib\site-packages\django\template\loader.py", line 62, in render_to_string
    return template.render(context, request)
           ~~~~~~~~~~~~~~~^^^^^^^^^^^^^^^^^^
  File "E:\visual studio\WEB-PYTHON-KPI\lab4\.venv\Lib\site-packages\django\template\backends\django.py", line 107, in render
    return self.template.render(context)
           ~~~~~~~~~~~~~~~~~~~~^^^^^^^^^
  File "E:\visual studio\WEB-PYTHON-KPI\lab4\.venv\Lib\site-packages\django\template\base.py", line 171, in render
    return self._render(context)
           ~~~~~~~~~~~~^^^^^^^^^
  File "E:\visual studio\WEB-PYTHON-KPI\lab4\.venv\Lib\site-packages\django\template\base.py", line 163, in _render
    return self.nodelist.render(context)
           ~~~~~~~~~~~~~~~~~~~~^^^^^^^^^
  File "E:\visual studio\WEB-PYTHON-KPI\lab4\.venv\Lib\site-packages\django\template\base.py", line 1016, in render
    return SafeString("".join([node.render_annotated(context) for node in self]))
                               ~~~~~~~~~~~~~~~~~~~~~^^^^^^^^^
  File "E:\visual studio\WEB-PYTHON-KPI\lab4\.venv\Lib\site-packages\django\template\base.py", line 977, in render_annotated
    return self.render(context)
           ~~~~~~~~~~~^^^^^^^^^
  File "E:\visual studio\WEB-PYTHON-KPI\lab4\.venv\Lib\site-packages\django\template\loader_tags.py", line 159, in render
    return compiled_parent._render(context)
           ~~~~~~~~~~~~~~~~~~~~~~~^^^^^^^^^
  File "E:\visual studio\WEB-PYTHON-KPI\lab4\.venv\Lib\site-packages\django\template\base.py", line 163, in _render
    return self.nodelist.render(context)
           ~~~~~~~~~~~~~~~~~~~~^^^^^^^^^
  File "E:\visual studio\WEB-PYTHON-KPI\lab4\.venv\Lib\site-packages\django\template\base.py", line 1016, in render
    return SafeString("".join([node.render_annotated(context) for node in self]))
                               ~~~~~~~~~~~~~~~~~~~~~^^^^^^^^^
  File "E:\visual studio\WEB-PYTHON-KPI\lab4\.venv\Lib\site-packages\django\template\base.py", line 977, in render_annotated
    return self.render(context)
           ~~~~~~~~~~~^^^^^^^^^
  File "E:\visual studio\WEB-PYTHON-KPI\lab4\.venv\Lib\site-packages\django\template\loader_tags.py", line 65, in render
    result = block.nodelist.render(context)
  File "E:\visual studio\WEB-PYTHON-KPI\lab4\.venv\Lib\site-packages\django\template\base.py", line 1016, in render
    return SafeString("".join([node.render_annotated(context) for node in self]))
                               ~~~~~~~~~~~~~~~~~~~~~^^^^^^^^^
  File "E:\visual studio\WEB-PYTHON-KPI\lab4\.venv\Lib\site-packages\django\template\base.py", line 977, in render_annotated
    return self.render(context)
           ~~~~~~~~~~~^^^^^^^^^
  File "E:\visual studio\WEB-PYTHON-KPI\lab4\.venv\Lib\site-packages\django\template\defaulttags.py", line 327, in render
    return nodelist.render(context)
           ~~~~~~~~~~~~~~~^^^^^^^^^
  File "E:\visual studio\WEB-PYTHON-KPI\lab4\.venv\Lib\site-packages\django\template\base.py", line 1016, in render
    return SafeString("".join([node.render_annotated(context) for node in self]))
                               ~~~~~~~~~~~~~~~~~~~~~^^^^^^^^^
  File "E:\visual studio\WEB-PYTHON-KPI\lab4\.venv\Lib\site-packages\django\template\base.py", line 977, in render_annotated
    return self.render(context)
           ~~~~~~~~~~~^^^^^^^^^
  File "E:\visual studio\WEB-PYTHON-KPI\lab4\.venv\Lib\site-packages\django\template\defaulttags.py", line 480, in render
    url = reverse(view_name, args=args, kwargs=kwargs, current_app=current_app)
  File "E:\visual studio\WEB-PYTHON-KPI\lab4\.venv\Lib\site-packages\django\urls\base.py", line 98, in reverse
    resolved_url = resolver._reverse_with_prefix(view, prefix, *args, **kwargs)
  File "E:\visual studio\WEB-PYTHON-KPI\lab4\.venv\Lib\site-packages\django\urls\resolvers.py", line 831, in _reverse_with_prefix
    raise NoReverseMatch(msg)
django.urls.exceptions.NoReverseMatch: Reverse for 'login' not found. 'login' is not a valid view function or pattern name.
[19/May/2026 21:01:50] "GET / HTTP/1.1" 500 169400
